[backblue.gif]
[fade.gif]
[index.html]
[www.w3.org/1999/xhtml/vocab.html]
[hava-skafferisalonger.se/sites/default/files/css/css_lQaZfjVpwP_oGNqdtWCSpJT1EMqXdMiU84ekLLxQnc4.css]
[hava-skafferisalonger.se/sites/default/files/css/css_ZwQ4JegYk9_vB7LtvEKjfjeVcLzDAa88SNWeshZo5Jw.css]
[hava-skafferisalonger.se/sites/default/files/css/css_yQ6smDmleylcgmmsq2etXLXltNj1PnXpnN6uMBf3qDg.css]
[hava-skafferisalonger.se/sites/default/files/css/css_BUkigv0o_hYaQY5uiV9jwwF71WsmWqZeMeERTmNDBgQ.css]
[cdn.jsdelivr.net/bootstrap/3.3.5/css/bootstrap.min.css]
[hava-skafferisalonger.se/sites/default/files/css/css_nfF918FkHev-pXvAFXGUeAadbtECSMf58dl2Ic1uC7w.css]
[hava-skafferisalonger.se/sites/default/files/js/js_-jpVH83_GqEOTlbGNeyOREu69nuDuBx1czhLK4nhCog.js]
[www.google-analytics.com/analytics.js]
[hava-skafferisalonger.se/sites/default/files/js/js_zfknOK6Pz34lw30Xsm5toXF4sk5yxEBB-TzI9ylO60s.js]
[cdn.jsdelivr.net/bootstrap/3.3.5/js/bootstrap.min.js]
[hava-skafferisalonger.se/sites/default/files/js/js_PCySZxpBFMI6Vqfua-NwzB-0IM_m1fx8uDgio-6n310.js]
[hava-skafferisalonger.se/sites/default/files/js/js_gPM6NXOQjN2XM2JWQGfy07nKmcdDFrL289YA7h80ySs.js]
[hava-skafferisalonger.se/sites/default/files/facebook.png]
[hava-skafferisalonger.se/sites/default/files/instagram.png]
[hava-skafferisalonger.se/sites/default/files/Hava_Splash_338x277px-2.jpg]
[hava-skafferisalonger.se/sites/default/files/styles/aktuellt/public/Hava_fika_316x260px00c8.jpg]
[hava-skafferisalonger.se/sites/default/files/styles/aktuellt/public/lunch hava0bc1.jpg]
[hava-skafferisalonger.se/sites/default/files/styles/aktuellt/public/Helgkasse_316x260px77d1.jpg]
[hava-skafferisalonger.se/sites/default/files/styles/aktuellt/public/Ga%CC%8Arden_316x260px5e94.jpg]
[hava-skafferisalonger.se/sites/default/files/Hava_o%CC%88ppet_338x277px.jpg]
[hava-skafferisalonger.se/sites/default/files/Hava_Splash_338x277px.jpg]
[hava-skafferisalonger.se/sites/default/files/Hava_bokning_338x277px.jpg]
[hava-skafferisalonger.se/sites/default/files/js/js_L50O_PWoAuMOxVjnzZCkNSSmI0kFwhZsO1_KS8WnGKw.js]
[hava-skafferisalonger.se/index.html]
[www.w3.org/StyleSheets/TR/base.css]
[www.w3.org/1999/xhtml/vocab.html]
[hava-skafferisalonger.se/sites/default/files/css/css_hmawOlvijsshrXXKam77v6iTl4G7_EiZUdmPmVBi2pE.css]
[hava-skafferisalonger.se/sites/default/files/js/js_Z4iSVB9YAxP9Q2DW-3TgRzYKM0dBxOOk1IGP0gvkaTk.js]
[hava-skafferisalonger.se/sites/default/files/Hava_Fika_338x277px-1.jpg]
[hava-skafferisalonger.se/sites/default/files/Hava_Fika_338x277px.jpg]
[hava-skafferisalonger.se/sites/default/files/Vinlista_ingressbild.jpg]
[hava-skafferisalonger.se/sites/default/files/Hava_Lunch_338x277px.jpg]
[hava-skafferisalonger.se/sites/default/files/Hava_Splash_338x277px-2_0.jpg]
[hava-skafferisalonger.se/skafferi.html]
[hava-skafferisalonger.se/sites/default/files/css/css_XT4yT0R2Ede_BlgybKrrAMi8R3DwVIAZaH_nLaU3v3o.css]
[hava-skafferisalonger.se/sites/default/files/Hava_salongerna_0.jpg]
[hava-skafferisalonger.se/sites/default/files/Hava_Splash_338x277px-2_1.jpg]
[hava-skafferisalonger.se/salonger.html]
[hava-skafferisalonger.se/sites/default/files/css/css_9jIUw69R6Q0FU7qrALtZL-6a9KHZ4x9sUKm2lD4ZwGs.css]
[hava-skafferisalonger.se/sites/default/files/js/js_H_SJQb28PveI4IBuOE74kJGBs2zOJklszYRGoB9s0NU.js]
[hava-skafferisalonger.se/sites/default/files/Hava_garden1_338x277px.jpg]
[hava-skafferisalonger.se/gården.html]
[hava-skafferisalonger.se/aktuellt.html]
[hava-skafferisalonger.se/file/havanowopen1338x277pxjpg.html]
[hava-skafferisalonger.se/skafferi#fika.html]
[hava-skafferisalonger.se/skafferi#lunch.html]
[hava-skafferisalonger.se/sites/default/files/Hava_Lunch_338x277px-1.jpg]
[hava-skafferisalonger.se/havas-helgkasse.html]
[hava-skafferisalonger.se/file/havaocc88ppet338x277pxjpg.html]
[hava-skafferisalonger.se/file/havasplash338x277pxjpg.html]
[hava-skafferisalonger.se/file/havabokning338x277pxjpg.html]
[hava-skafferisalonger.se/file/bakgrundsbildtopjpg-0.html]
[hava-skafferisalonger.se/file/vinlistaingressbildjpg.html]
[hava-skafferisalonger.se/file/havasplash338x277px-2jpg.html]
[hava-skafferisalonger.se/file/havasalongernajpg.html]
[hava-skafferisalonger.se/file/havasplash338x277px-2jpg-0.html]
[hava-skafferisalonger.se/node/49.html]
[hava-skafferisalonger.se/node/58.html]
[hava-skafferisalonger.se/file/56.html]
[hava-skafferisalonger.se/node/6.html]
[hava-skafferisalonger.se/file/88.html]
[hava-skafferisalonger.se/file/95.html]
[hava-skafferisalonger.se/file/89.html]
[hava-skafferisalonger.se/file/59.html]
[hava-skafferisalonger.se/file/74.html]
[hava-skafferisalonger.se/file/93.html]
[hava-skafferisalonger.se/file/76.html]
[hava-skafferisalonger.se/file/94.html]
[hava-skafferisalonger.se/misc/throbber-inactive.png]
[hava-skafferisalonger.se/misc/throbber-active.gif]
[hava-skafferisalonger.se/misc/grippie.png]
[hava-skafferisalonger.se/misc/draggable.png]
[hava-skafferisalonger.se/misc/tree.png]
[hava-skafferisalonger.se/misc/tree-bottom.png]
[hava-skafferisalonger.se/sites/default/files/css/css_lQaZfjVpwP_oGNqdtWCSpJT1EMqXdMiU84ekLLxQnc4.css]
[hava-skafferisalonger.se/sites/default/files/css/css_ZwQ4JegYk9_vB7LtvEKjfjeVcLzDAa88SNWeshZo5Jw.css]
[hava-skafferisalonger.se/sites/all/modules/menu_attach_block/arrow-asc.png]
[hava-skafferisalonger.se/sites/all/modules/menu_attach_block/arrow-desc.png]
[hava-skafferisalonger.se/sites/default/files/css/css_yQ6smDmleylcgmmsq2etXLXltNj1PnXpnN6uMBf3qDg.css]
[hava-skafferisalonger.se/sites/all/libraries/slick/slick/ajax-loader.gif]
[hava-skafferisalonger.se/sites/all/libraries/slick/slick/fonts/slick.eot]
[hava-skafferisalonger.se/sites/all/libraries/slick/slick/fonts/slick.woff]
[hava-skafferisalonger.se/sites/all/libraries/slick/slick/fonts/slick.ttf]
[hava-skafferisalonger.se/sites/all/modules/ctools/images/status-active.gif]
[hava-skafferisalonger.se/sites/all/libraries/superfish/images/arrows-ffffff.png]
[hava-skafferisalonger.se/sites/all/libraries/superfish/images/shadow.png]
[hava-skafferisalonger.se/sites/all/libraries/superfish/images/arrows-ffffff-rtl.png]
[hava-skafferisalonger.se/sites/default/files/css/css_BUkigv0o_hYaQY5uiV9jwwF71WsmWqZeMeERTmNDBgQ.css]
[cdn.jsdelivr.net/bootstrap/3.3.5/css/bootstrap.min.css]
[cdn.jsdelivr.net/bootstrap/3.3.5/fonts/glyphicons-halflings-regular.svg]
[hava-skafferisalonger.se/sites/all/themes/hava/fonts/UnionTelegraphNF.otf]
[hava-skafferisalonger.se/sites/all/themes/hava/fonts/TarzanaWideRegular.otf]
[hava-skafferisalonger.se/sites/all/themes/hava/fonts/ConduitITC.otf]
[hava-skafferisalonger.se/sites/all/themes/hava/fonts/VeneerThree.ttf]
[hava-skafferisalonger.se/sites/all/themes/hava/fonts/Veneer.ttf]
[hava-skafferisalonger.se/sites/all/themes/hava/images/header_bakgrundsbild2b.jpg]
[hava-skafferisalonger.se/sites/default/files/css/css_nfF918FkHev-pXvAFXGUeAadbtECSMf58dl2Ic1uC7w.css]
[hava-skafferisalonger.se/sites/default/files/HAVA_webblogo.svg]
[hava-skafferisalonger.se/file/havanowopen1338x277pxjpg.html]
[hava-skafferisalonger.se/skafferi#fika.html]
[hava-skafferisalonger.se/skafferi#lunch.html]
[hava-skafferisalonger.se/havas-helgkasse.html]
[hava-skafferisalonger.se/sites/all/libraries/slick/slick/fonts/slickd41d.eot]
[hava-skafferisalonger.se/file/havaocc88ppet338x277pxjpg.html]
[hava-skafferisalonger.se/file/havasplash338x277pxjpg.html]
[hava-skafferisalonger.se/file/havabokning338x277pxjpg.html]
[www.w3.org/StyleSheets/TR/base.css]
[hava-skafferisalonger.se/sites/default/files/css/css_hmawOlvijsshrXXKam77v6iTl4G7_EiZUdmPmVBi2pE.css]
[hava-skafferisalonger.se/file/bakgrundsbildtopjpg-0.html]
[hava-skafferisalonger.se/file/vinlistaingressbildjpg.html]
[hava-skafferisalonger.se/file/havasplash338x277px-2jpg.html]
[hava-skafferisalonger.se/sites/default/files/css/css_XT4yT0R2Ede_BlgybKrrAMi8R3DwVIAZaH_nLaU3v3o.css]
[hava-skafferisalonger.se/file/havasplash338x277px-2jpg-0.html]
[hava-skafferisalonger.se/node/49.html]
[hava-skafferisalonger.se/sites/default/files/css/css_9jIUw69R6Q0FU7qrALtZL-6a9KHZ4x9sUKm2lD4ZwGs.css]
[hava-skafferisalonger.se/node/58.html]
[hava-skafferisalonger.se/file/88.html]
[hava-skafferisalonger.se/sites/all/libraries/slick/slick/fonts/slick.svg]
[cdn.jsdelivr.net/bootstrap/3.3.5/fonts/glyphicons-halflings-regular.svg]
